<====== NCPU: 4 - ORDER: 200 - TEST: 1 ======>

 Overall time: 0.023557

<======================>


<====== NCPU: 4 - ORDER: 200 - TEST: 2 ======>

 Overall time: 0.022805

<======================>


<====== NCPU: 4 - ORDER: 200 - TEST: 3 ======>

 Overall time: 0.024269

<======================>


<====== NCPU: 4 - ORDER: 200 - TEST: 4 ======>

 Overall time: 0.022797

<======================>


<====== NCPU: 4 - ORDER: 200 - TEST: 5 ======>

 Overall time: 0.022818

<======================>
