<====== NCPU: 16 - ORDER: 400 - TEST: 1 ======>

 Overall time: 0.208729

<======================>


<====== NCPU: 16 - ORDER: 400 - TEST: 2 ======>

 Overall time: 0.189991

<======================>


<====== NCPU: 16 - ORDER: 400 - TEST: 3 ======>

 Overall time: 0.285567

<======================>


<====== NCPU: 16 - ORDER: 400 - TEST: 4 ======>

 Overall time: 0.188060

<======================>


<====== NCPU: 16 - ORDER: 400 - TEST: 5 ======>

 Overall time: 0.194154

<======================>
