<====== NCPU: 64 - ORDER: 200 - TEST: 1 ======>

 Overall time: 5.071617

<======================>


<====== NCPU: 64 - ORDER: 200 - TEST: 2 ======>

 Overall time: 3.133473

<======================>


<====== NCPU: 64 - ORDER: 200 - TEST: 3 ======>

 Overall time: 3.071027

<======================>


<====== NCPU: 64 - ORDER: 200 - TEST: 4 ======>

 Overall time: 3.082186

<======================>


<====== NCPU: 64 - ORDER: 200 - TEST: 5 ======>

 Overall time: 3.064991

<======================>
