<====== NCPU: 16 - ORDER: 800 - TEST: 1 ======>

 Overall time: 3.651101

<======================>


<====== NCPU: 16 - ORDER: 800 - TEST: 2 ======>

 Overall time: 2.738296

<======================>


<====== NCPU: 16 - ORDER: 800 - TEST: 3 ======>

 Overall time: 0.775075

<======================>


<====== NCPU: 16 - ORDER: 800 - TEST: 4 ======>

 Overall time: 0.649820

<======================>


<====== NCPU: 16 - ORDER: 800 - TEST: 5 ======>

 Overall time: 0.762901

<======================>
