<====== NCPU: 4 - ORDER: 800 - TEST: 1 ======>

 Overall time: 1.792205

<======================>


<====== NCPU: 4 - ORDER: 800 - TEST: 2 ======>

 Overall time: 2.033678

<======================>


<====== NCPU: 4 - ORDER: 800 - TEST: 3 ======>

 Overall time: 1.911384

<======================>


<====== NCPU: 4 - ORDER: 800 - TEST: 4 ======>

 Overall time: 1.878345

<======================>


<====== NCPU: 4 - ORDER: 800 - TEST: 5 ======>

 Overall time: 2.032314

<======================>
