<====== NCPU: 64 - ORDER: 1600 - TEST: 1 ======>

 Overall time: 1.485079

<======================>


<====== NCPU: 64 - ORDER: 1600 - TEST: 2 ======>

 Overall time: 1.743680

<======================>


<====== NCPU: 64 - ORDER: 1600 - TEST: 3 ======>

 Overall time: 3.263508

<======================>


<====== NCPU: 64 - ORDER: 1600 - TEST: 4 ======>

 Overall time: 1.590754

<======================>


<====== NCPU: 64 - ORDER: 1600 - TEST: 5 ======>

 Overall time: 1.518197

<======================>
