<====== NCPU: 1 - ORDER: 400 - TEST: 1 ======>

 Overall time: 0.892314

<======================>


<====== NCPU: 1 - ORDER: 400 - TEST: 2 ======>

 Overall time: 0.892992

<======================>


<====== NCPU: 1 - ORDER: 400 - TEST: 3 ======>

 Overall time: 0.891928

<======================>


<====== NCPU: 1 - ORDER: 400 - TEST: 4 ======>

 Overall time: 0.891729

<======================>


<====== NCPU: 1 - ORDER: 400 - TEST: 5 ======>

 Overall time: 0.891020

<======================>
