<====== NCPU: 16 - ORDER: 200 - TEST: 1 ======>

 Overall time: 0.144285

<======================>


<====== NCPU: 16 - ORDER: 200 - TEST: 2 ======>

 Overall time: 0.144469

<======================>


<====== NCPU: 16 - ORDER: 200 - TEST: 3 ======>

 Overall time: 0.144604

<======================>


<====== NCPU: 16 - ORDER: 200 - TEST: 4 ======>

 Overall time: 0.144681

<======================>


<====== NCPU: 16 - ORDER: 200 - TEST: 5 ======>

 Overall time: 0.153018

<======================>
