<====== NCPU: 16 - ORDER: 1600 - TEST: 1 ======>

 Overall time: 4.897150

<======================>


<====== NCPU: 16 - ORDER: 1600 - TEST: 2 ======>

 Overall time: 5.509966

<======================>


<====== NCPU: 16 - ORDER: 1600 - TEST: 3 ======>

 Overall time: 5.379545

<======================>


<====== NCPU: 16 - ORDER: 1600 - TEST: 4 ======>

 Overall time: 5.003517

<======================>


<====== NCPU: 16 - ORDER: 1600 - TEST: 5 ======>

 Overall time: 5.686927

<======================>
