<====== NCPU: 64 - ORDER: 800 - TEST: 1 ======>

 Overall time: 1.269329

<======================>


<====== NCPU: 64 - ORDER: 800 - TEST: 2 ======>

 Overall time: 1.287968

<======================>


<====== NCPU: 64 - ORDER: 800 - TEST: 3 ======>

 Overall time: 1.293273

<======================>


<====== NCPU: 64 - ORDER: 800 - TEST: 4 ======>

 Overall time: 0.436058

<======================>


<====== NCPU: 64 - ORDER: 800 - TEST: 5 ======>

 Overall time: 0.501576

<======================>
