<====== NCPU: 64 - ORDER: 400 - TEST: 1 ======>

 Overall time: 3.080103

<======================>


<====== NCPU: 64 - ORDER: 400 - TEST: 2 ======>

 Overall time: 2.084604

<======================>


<====== NCPU: 64 - ORDER: 400 - TEST: 3 ======>

 Overall time: 2.250228

<======================>


<====== NCPU: 64 - ORDER: 400 - TEST: 4 ======>

 Overall time: 3.079940

<======================>


<====== NCPU: 64 - ORDER: 400 - TEST: 5 ======>

 Overall time: 3.084914

<======================>
