<====== NCPU: 4 - ORDER: 1600 - TEST: 1 ======>

 Overall time: 15.154994

<======================>


<====== NCPU: 4 - ORDER: 1600 - TEST: 2 ======>

 Overall time: 15.031268

<======================>


<====== NCPU: 4 - ORDER: 1600 - TEST: 3 ======>

 Overall time: 15.371251

<======================>


<====== NCPU: 4 - ORDER: 1600 - TEST: 4 ======>

 Overall time: 15.507645

<======================>


<====== NCPU: 4 - ORDER: 1600 - TEST: 5 ======>

 Overall time: 15.235639

<======================>
