<====== NCPU: 1 - ORDER: 1600 - TEST: 1 ======>

 Overall time: 76.814419

<======================>


<====== NCPU: 1 - ORDER: 1600 - TEST: 2 ======>

 Overall time: 76.913027

<======================>


<====== NCPU: 1 - ORDER: 1600 - TEST: 3 ======>

 Overall time: 76.937836

<======================>


<====== NCPU: 1 - ORDER: 1600 - TEST: 4 ======>

 Overall time: 77.263630

<======================>


<====== NCPU: 1 - ORDER: 1600 - TEST: 5 ======>

 Overall time: 77.173927

<======================>
