<====== NCPU: 1 - ORDER: 200 - TEST: 1 ======>

 Overall time: 0.086089

<======================>


<====== NCPU: 1 - ORDER: 200 - TEST: 2 ======>

 Overall time: 0.085377

<======================>


<====== NCPU: 1 - ORDER: 200 - TEST: 3 ======>

 Overall time: 0.084999

<======================>


<====== NCPU: 1 - ORDER: 200 - TEST: 4 ======>

 Overall time: 0.084514

<======================>


<====== NCPU: 1 - ORDER: 200 - TEST: 5 ======>

 Overall time: 0.084414

<======================>
