<====== NCPU: 1 - ORDER: 800 - TEST: 1 ======>

 Overall time: 7.592156

<======================>


<====== NCPU: 1 - ORDER: 800 - TEST: 2 ======>

 Overall time: 7.625314

<======================>


<====== NCPU: 1 - ORDER: 800 - TEST: 3 ======>

 Overall time: 7.670132

<======================>


<====== NCPU: 1 - ORDER: 800 - TEST: 4 ======>

 Overall time: 7.656181

<======================>


<====== NCPU: 1 - ORDER: 800 - TEST: 5 ======>

 Overall time: 7.644574

<======================>
