<====== NCPU: 4 - ORDER: 400 - TEST: 1 ======>

 Overall time: 0.284627

<======================>


<====== NCPU: 4 - ORDER: 400 - TEST: 2 ======>

 Overall time: 0.286300

<======================>


<====== NCPU: 4 - ORDER: 400 - TEST: 3 ======>

 Overall time: 0.281073

<======================>


<====== NCPU: 4 - ORDER: 400 - TEST: 4 ======>

 Overall time: 0.281370

<======================>


<====== NCPU: 4 - ORDER: 400 - TEST: 5 ======>

 Overall time: 0.273591

<======================>
